/home/gamma/Documents/Agora_Analyst/.venv/bin/python: can't open file '/home/gamma/Documents/Agora_Analyst/main.py': [Errno 2] No such file or directory
